⨯ Error [ChunkLoadError]: Failed to load chunk server/chunks/ssr/components_0-su2q6._.js from module 36866
    at Context.loadChunkAsync [as l] (D:\dev\needreel\.next\server\chunks\ssr\[turbopack]_runtime.js:702:27) {
  digest: '3357149633',
  [cause]: Error: Cannot find module 'D:\dev\needreel\.next\server\chunks\ssr\components_0-su2q6._.js'
  Require stack:
  - D:\dev\needreel\.next\server\chunks\ssr\[turbopack]_runtime.js
  - D:\dev\needreel\.next\server\app\_global-error\page.js
  - D:\dev\needreel\node_modules\next\dist\server\require.js
  - D:\dev\needreel\node_modules\next\dist\server\next-server.js
  - D:\dev\needreel\node_modules\next\dist\server\next.js
  - D:\dev\needreel\node_modules\next\dist\server\lib\start-server.js
  - D:\dev\needreel\node_modules\next\dist\cli\next-start.js
      at Context.loadChunkAsync [as l] (D:\dev\needreel\.next\server\chunks\ssr\[turbopack]_runtime.js:697:34) {
    code: 'MODULE_NOT_FOUND',
    requireStack: [
      'D:\\dev\\needreel\\.next\\server\\chunks\\ssr\\[turbopack]_runtime.js',
      'D:\\dev\\needreel\\.next\\server\\app\\_global-error\\page.js',
      'D:\\dev\\needreel\\node_modules\\next\\dist\\server\\require.js',
      'D:\\dev\\needreel\\node_modules\\next\\dist\\server\\next-server.js',
      'D:\\dev\\needreel\\node_modules\\next\\dist\\server\\next.js',
      'D:\\dev\\needreel\\node_modules\\next\\dist\\server\\lib\\start-server.js',
      'D:\\dev\\needreel\\node_modules\\next\\dist\\cli\\next-start.js'
    ]
  }
}
⨯ Error [ChunkLoadError]: Failed to load chunk server/chunks/ssr/components_0-su2q6._.js from module 36866
    at Context.loadChunkAsync [as l] (D:\dev\needreel\.next\server\chunks\ssr\[turbopack]_runtime.js:702:27) {
  digest: '3357149633',
  [cause]: Error: Cannot find module 'D:\dev\needreel\.next\server\chunks\ssr\components_0-su2q6._.js'
  Require stack:
  - D:\dev\needreel\.next\server\chunks\ssr\[turbopack]_runtime.js
  - D:\dev\needreel\.next\server\app\_global-error\page.js
  - D:\dev\needreel\node_modules\next\dist\server\require.js
  - D:\dev\needreel\node_modules\next\dist\server\next-server.js
  - D:\dev\needreel\node_modules\next\dist\server\next.js
  - D:\dev\needreel\node_modules\next\dist\server\lib\start-server.js
  - D:\dev\needreel\node_modules\next\dist\cli\next-start.js
      at Context.loadChunkAsync [as l] (D:\dev\needreel\.next\server\chunks\ssr\[turbopack]_runtime.js:697:34) {
    code: 'MODULE_NOT_FOUND',
    requireStack: [
      'D:\\dev\\needreel\\.next\\server\\chunks\\ssr\\[turbopack]_runtime.js',
      'D:\\dev\\needreel\\.next\\server\\app\\_global-error\\page.js',
      'D:\\dev\\needreel\\node_modules\\next\\dist\\server\\require.js',
      'D:\\dev\\needreel\\node_modules\\next\\dist\\server\\next-server.js',
      'D:\\dev\\needreel\\node_modules\\next\\dist\\server\\next.js',
      'D:\\dev\\needreel\\node_modules\\next\\dist\\server\\lib\\start-server.js',
      'D:\\dev\\needreel\\node_modules\\next\\dist\\cli\\next-start.js'
    ]
  }
}
⨯ Error [ChunkLoadError]: Failed to load chunk server/chunks/ssr/components_0-su2q6._.js from module 36866
    at Context.loadChunkAsync [as l] (D:\dev\needreel\.next\server\chunks\ssr\[turbopack]_runtime.js:702:27) {
  digest: '3357149633',
  [cause]: Error: Cannot find module 'D:\dev\needreel\.next\server\chunks\ssr\components_0-su2q6._.js'
  Require stack:
  - D:\dev\needreel\.next\server\chunks\ssr\[turbopack]_runtime.js
  - D:\dev\needreel\.next\server\app\_global-error\page.js
  - D:\dev\needreel\node_modules\next\dist\server\require.js
  - D:\dev\needreel\node_modules\next\dist\server\next-server.js
  - D:\dev\needreel\node_modules\next\dist\server\next.js
  - D:\dev\needreel\node_modules\next\dist\server\lib\start-server.js
  - D:\dev\needreel\node_modules\next\dist\cli\next-start.js
      at Context.loadChunkAsync [as l] (D:\dev\needreel\.next\server\chunks\ssr\[turbopack]_runtime.js:697:34) {
    code: 'MODULE_NOT_FOUND',
    requireStack: [
      'D:\\dev\\needreel\\.next\\server\\chunks\\ssr\\[turbopack]_runtime.js',
      'D:\\dev\\needreel\\.next\\server\\app\\_global-error\\page.js',
      'D:\\dev\\needreel\\node_modules\\next\\dist\\server\\require.js',
      'D:\\dev\\needreel\\node_modules\\next\\dist\\server\\next-server.js',
      'D:\\dev\\needreel\\node_modules\\next\\dist\\server\\next.js',
      'D:\\dev\\needreel\\node_modules\\next\\dist\\server\\lib\\start-server.js',
      'D:\\dev\\needreel\\node_modules\\next\\dist\\cli\\next-start.js'
    ]
  }
}
