{"level":"INFO","message":"[4:03:34.573 PM]: Creating new connection object"}
{"level":"INFO","message":"[4:03:34.591 PM]: Creating Connection[id: c76f4c99-96af-4e8c-a606-c506560ef3bc] with host: yOPMPYNQ-BM61774.snowflakecomputing.com, account: yOPMPYNQ-BM61774, accessUrl: https://yOPMPYNQ-BM61774.snowflakecomputing.com, user: Pritam21, role: ACCOUNTADMIN, database: DEVELOPMENT, schema: PUBLIC, warehouse: XSMALL_WH, proxy was not configured, password is provided, region: undefined, authenticator: SNOWFLAKE, ocsp mode: FAIL_OPEN, os: win32, os version: 10.0.26200"}
{"level":"INFO","message":"[4:03:34.592 PM]: Connection[id: c76f4c99-96af-4e8c-a606-c506560ef3bc] additional details: passcode in password is provided, passcode is not provided, private key is not provided, application: undefined, client name: snowflake-sdk, client version: 3.3.0, retry timeout: 300, private key path: undefined, private key pass is not provided, client store temporary credential: false, browser response timeout: 120000"}
{"level":"INFO","message":"[4:03:34.594 PM]: Connection[id: c76f4c99-96af-4e8c-a606-c506560ef3bc] - connection object created successfully."}
{"level":"INFO","message":"[4:03:34.596 PM]: Connection[id: c76f4c99-96af-4e8c-a606-c506560ef3bc] - async connecting. Associated Snowflake domain: GLOBAL"}
{"level":"INFO","message":"[4:03:34.598 PM]: Trying to initialize Easy Logging"}
{"level":"INFO","message":"[4:03:34.650 PM]: No client config detected."}
{"level":"INFO","message":"[4:03:34.650 PM]: No config file path found. Client config will not be used."}
{"level":"INFO","message":"[4:03:34.659 PM]: Easy Logging is disabled as no config has been found"}
{"level":"INFO","message":"[4:03:34.662 PM]: Connection[id: c76f4c99-96af-4e8c-a606-c506560ef3bc] - authentication successful using: SNOWFLAKE"}
{"level":"ERROR","message":"[4:03:37.125 PM]: Connection[id: c76f4c99-96af-4e8c-a606-c506560ef3bc] - connection failed after 2528.65 milliseconds. Error: Request to Snowflake failed."}
{"level":"INFO","message":"[4:03:49.132 PM]: Configuring logger with level: 3, filePath: undefined, additionalLogToConsole: undefined, customLogger: false"}
{"level":"DEBUG","message":"[4:03:49.137 PM]: Setting global config typed values: {}"}
{"level":"INFO","message":"[4:03:49.137 PM]: Creating new connection object"}
{"level":"DEBUG","message":"[4:03:49.139 PM]: Connection configuration object created"}
{"level":"DEBUG","message":"[4:03:49.140 PM]: HttpClient setup finished"}
{"level":"DEBUG","message":"[4:03:49.140 PM]: ConnectionContext - received data was validated."}
{"level":"DEBUG","message":"[4:03:49.141 PM]: Retrieving authenticator"}
{"level":"DEBUG","message":"[4:03:49.142 PM]: ConnectionContext - services were instantiated."}
{"level":"INFO","message":"[4:03:49.143 PM]: Creating Connection[id: 375c84ed-6dbd-4d37-8068-84b916d43bdc] with host: yOPMPYNQ-BM61774.snowflakecomputing.com, account: yOPMPYNQ-BM61774, accessUrl: https://yOPMPYNQ-BM61774.snowflakecomputing.com, user: Pritam21, role: ACCOUNTADMIN, database: DEVELOPMENT, schema: PUBLIC, warehouse: XSMALL_WH, proxy was not configured, password is provided, region: undefined, authenticator: SNOWFLAKE, ocsp mode: FAIL_OPEN, os: win32, os version: 10.0.26200"}
{"level":"INFO","message":"[4:03:49.144 PM]: Connection[id: 375c84ed-6dbd-4d37-8068-84b916d43bdc] additional details: passcode in password is provided, passcode is not provided, private key is not provided, application: undefined, client name: snowflake-sdk, client version: 3.3.0, retry timeout: 300, private key path: undefined, private key pass is not provided, client store temporary credential: false, browser response timeout: 120000"}
{"level":"INFO","message":"[4:03:49.144 PM]: Connection[id: 375c84ed-6dbd-4d37-8068-84b916d43bdc] - connection object created successfully."}
{"level":"INFO","message":"[4:03:49.145 PM]: Connection[id: 375c84ed-6dbd-4d37-8068-84b916d43bdc] - async connecting. Associated Snowflake domain: GLOBAL"}
{"level":"DEBUG","message":"[4:03:49.145 PM]: Connection[id: 375c84ed-6dbd-4d37-8068-84b916d43bdc] - retrieving authenticator"}
{"level":"DEBUG","message":"[4:03:49.145 PM]: Connection[id: 375c84ed-6dbd-4d37-8068-84b916d43bdc] - initializing easyLogging"}
{"level":"INFO","message":"[4:03:49.146 PM]: Trying to initialize Easy Logging"}
{"level":"DEBUG","message":"[4:03:49.146 PM]: Retrieving client config"}
{"level":"DEBUG","message":"[4:03:49.150 PM]: Searching for config in default directories: [{\"dir\":\"D:\\\\dev\\\\needreel\\\\node_modules\\\\snowflake-sdk\\\\dist\\\\lib\",\"dirDescription\":\"driver\"},{\"dir\":\"C:\\\\Users\\\\PRITAM\",\"dirDescription\":\"home\"}]"}
{"level":"DEBUG","message":"[4:03:49.159 PM]: Unable to find config in any default directory."}
{"level":"INFO","message":"[4:03:49.159 PM]: No client config detected."}
{"level":"INFO","message":"[4:03:49.159 PM]: No config file path found. Client config will not be used."}
{"level":"INFO","message":"[4:03:49.159 PM]: Easy Logging is disabled as no config has been found"}
{"level":"DEBUG","message":"[4:03:49.159 PM]: Connection[id: 375c84ed-6dbd-4d37-8068-84b916d43bdc] - using authentication type: SNOWFLAKE"}
{"level":"DEBUG","message":"[4:03:49.160 PM]: Connection[id: 375c84ed-6dbd-4d37-8068-84b916d43bdc] - trying to authenticate"}
{"level":"INFO","message":"[4:03:49.160 PM]: Connection[id: 375c84ed-6dbd-4d37-8068-84b916d43bdc] - authentication successful using: SNOWFLAKE"}
{"level":"DEBUG","message":"[4:03:49.160 PM]: Connection[id: 375c84ed-6dbd-4d37-8068-84b916d43bdc] - connecting through service"}
{"level":"DEBUG","message":"[4:03:49.160 PM]: Connection[id: 375c84ed-6dbd-4d37-8068-84b916d43bdc] - connection request initiated, waiting for response..."}
{"level":"DEBUG","message":"[4:03:49.161 PM]: Minicore status: binaryName - sf_mini_core_0.0.1.win32-x64-msvc.node, error - null"}
{"level":"DEBUG","message":"[4:03:49.163 PM]: 300"}
{"level":"DEBUG","message":"[4:03:49.163 PM]: Contacting SF: /session/v1/login-request?requestId=c61511ca-7624-40ca-a588-250a28b5bf51&warehouse=XSMALL_WH&databaseName=DEVELOPMENT&schemaName=PUBLIC&roleName=ACCOUNTADMIN, (0/7)"}
{"level":"DEBUG","message":"[4:03:49.165 PM]: Agent[id: https:-yopmpynq-bm61774.snowflakecomputing.com-yopmpynq-bm61774.snowflakecomputing.com-keepAlive] - the destination host is: yopmpynq-bm61774.snowflakecomputing.com."}
{"level":"DEBUG","message":"[4:03:49.166 PM]: Agent[id: https:-yopmpynq-bm61774.snowflakecomputing.com-yopmpynq-bm61774.snowflakecomputing.com-keepAlive] - creating a new agent instance with idle timeout=30000ms."}
{"level":"DEBUG","message":"[4:03:49.166 PM]: Agent[id: https:-yopmpynq-bm61774.snowflakecomputing.com-yopmpynq-bm61774.snowflakecomputing.com-keepAlive] - proxy settings used in requests:  none."}
{"level":"DEBUG","message":"[4:03:49.166 PM]: Request[baseUrl=https://yopmpynq-bm61774.snowflakecomputing.com, path=/session/v1/login-request, method=POST, requestId=c61511ca-7624-40ca-a588-250a28b5bf51, request_guid=185c8cd1-1184-407a-8c09-7ede77e3466e, warehouse=XSMALL_WH, databaseName=DEVELOPMENT, schemaName=PUBLIC] - options - timeout: 90000, responseType: text"}
{"level":"DEBUG","message":"[4:03:49.178 PM]: Request[baseUrl=https://yopmpynq-bm61774.snowflakecomputing.com, path=/session/v1/login-request, method=POST, requestId=c61511ca-7624-40ca-a588-250a28b5bf51, request_guid=185c8cd1-1184-407a-8c09-7ede77e3466e, warehouse=XSMALL_WH, databaseName=DEVELOPMENT, schemaName=PUBLIC] - original buffer length: 8192 bytes. Compressed buffer length: 8192 bytes."}
{"level":"DEBUG","message":"[4:03:50.226 PM]: Reading OCSP cache file. C:\\Users\\PRITAM\\AppData\\Local\\Snowflake\\Caches\\ocsp_response_cache.json"}
{"level":"DEBUG","message":"[4:03:50.960 PM]: Request[baseUrl=https://yopmpynq-bm61774.snowflakecomputing.com, path=/session/v1/login-request, method=POST, requestId=c61511ca-7624-40ca-a588-250a28b5bf51, request_guid=185c8cd1-1184-407a-8c09-7ede77e3466e, warehouse=XSMALL_WH, databaseName=DEVELOPMENT, schemaName=PUBLIC] - failed after 1793.09 milliseconds."}
{"level":"ERROR","message":"[4:24:42.341 PM]: Connection[id: ef2edbf1-447f-4bea-a111-1f3aff03b136] - connection failed after 1741.74 milliseconds. Error: Request to Snowflake failed."}
{"level":"ERROR","message":"[4:25:25.400 PM]: Connection[id: 135422d4-5c55-4a79-873c-775d9b5635e5] - connection failed after 1731.07 milliseconds. Error: Request to Snowflake failed."}
